// Vitest Snapshot v1, https://vitest.dev/guide/snapshot.html

exports[`Tooltip > match snapshot 1`] = `
<div>
  <span
    data-tooltip-id="tooltip-id"
  >
    Tooltip child
  </span>
</div>
`;
