// Vitest Snapshot v1, https://vitest.dev/guide/snapshot.html

exports[`FileList Component > should match snapshot 1`] = `
<div>
  <div
    class="flex flex-col gap-2"
  >
    <input
      accept=".jpg,.jpeg,.png,.pdf,.doc,.docx,.txt"
      class="invisible"
      type="file"
    />
    <div
      class="flex flex-col items-center justify-center gap-4 border border-dashed border-gray-200 rounded-md p-4 relative w-full"
    >
      <div>
        Drop files here or
      </div>
      <button
        class="btn btn-sm rounded-md px-3.5 py-2 text-blue-700 bg-blue-50 border-blue-200 hover:bg-blue-100 hover:border-blue-300 active:bg-blue-100 active:border-blue-300 disabled:bg-blue-50 disabled:border-blue-200 disabled:text-blue-200 outline-blue-500"
      >
        Choose Files
      </button>
      <div
        class="text-sm text-gray-500 text-center"
      >
        Maximum file size
         
        2
        MB 
        <br />
        Supported file types:
         
        .jpg, .jpeg, .png, .pdf, .doc, .docx, .txt
      </div>
      <div
        class="absolute inset-0 bg-white/90 rounded-md transition-opacity duration-300 z-10 hidden"
      >
        <div
          class="flex items-center justify-center h-full"
        >
          <p
            class="text-gray-500 text-sm block"
          >
            Drop files here or
          </p>
        </div>
      </div>
    </div>
  </div>
</div>
`;
