// Vitest Snapshot v1, https://vitest.dev/guide/snapshot.html

exports[`FormSection > match snapshot 1`] = `
<div>
  <div
    class="py-4 flex flex-col gap-2"
  >
    <div
      class="flex flex-col"
    >
      <h5
        class="text-lg font-medium leading-5 text-gray-600"
      >
        Test Title
      </h5>
    </div>
    <div>
      Test Content
    </div>
  </div>
</div>
`;
