// Vitest Snapshot v1, https://vitest.dev/guide/snapshot.html

exports[`FormContent > matches snapshot 1`] = `
<div>
  <div
    class="flex flex-col border border-gray-200 rounded-lg p-4"
  >
    <div>
      Child test content
    </div>
    <div>
      Child test content
    </div>
    <div>
      Child test content
    </div>
  </div>
</div>
`;
