// Vitest Snapshot v1, https://vitest.dev/guide/snapshot.html

exports[`SkeletonLoader > match snapshot 1`] = `
<div>
  <div
    class="skeleton w-full h-2"
  />
</div>
`;
