// Vitest Snapshot v1, https://vitest.dev/guide/snapshot.html

exports[`Card > match snapshot 1`] = `
<div>
  <div
    class="rounded-xl border shadow p-3"
  >
    <div>
      Card Content
    </div>
  </div>
</div>
`;
